[    0.000000] Initializing cgroup subsys cpuset
[    0.000000] Initializing cgroup subsys cpu
[    0.000000] Initializing cgroup subsys cpuacct
[    0.000000] Linux version 4.4.0-210-generic (buildd@lgw01-amd64-009) (gcc version 5.4.0 20160609 (Ubuntu 5.4.0-6ubuntu1~16.04.12) ) #242-Ubuntu SMP Fri Apr 16 09:57:56 UTC 2021 (Ubuntu 4.4.0-210.242-generic 4.4.262)
[    0.000000] Command line: BOOT_IMAGE=/boot/vmlinuz-4.4.0-210-generic root=LABEL=cloudimg-rootfs ro console=tty1 console=ttyS0
[    0.000000] KERNEL supported cpus:
[    0.000000]   Intel GenuineIntel
[    0.000000]   AMD AuthenticAMD
[    0.000000]   Centaur CentaurHauls
[    0.000000] x86/fpu: xstate_offset[2]:  576, xstate_sizes[2]:  256
[    0.000000] x86/fpu: Supporting XSAVE feature 0x01: 'x87 floating point registers'
[    0.000000] x86/fpu: Supporting XSAVE feature 0x02: 'SSE registers'
[    0.000000] x86/fpu: Supporting XSAVE feature 0x04: 'AVX registers'
[    0.000000] x86/fpu: Enabled xstate features 0x7, context size is 832 bytes, using 'standard' format.
[    0.000000] e820: BIOS-provided physical RAM map:
[    0.000000] BIOS-e820: [mem 0x0000000000000000-0x000000000009fbff] usable
[    0.000000] BIOS-e820: [mem 0x000000000009fc00-0x000000000009ffff] reserved
[    0.000000] BIOS-e820: [mem 0x00000000000f0000-0x00000000000fffff] reserved
[    0.000000] BIOS-e820: [mem 0x0000000000100000-0x00000000dffeffff] usable
[    0.000000] BIOS-e820: [mem 0x00000000dfff0000-0x00000000dfffffff] ACPI data
[    0.000000] BIOS-e820: [mem 0x00000000fec00000-0x00000000fec00fff] reserved
[    0.000000] BIOS-e820: [mem 0x00000000fee00000-0x00000000fee00fff] reserved
[    0.000000] BIOS-e820: [mem 0x00000000fffc0000-0x00000000ffffffff] reserved
[    0.000000] BIOS-e820: [mem 0x0000000100000000-0x000000011fffffff] usable
[    0.000000] NX (Execute Disable) protection: active
[    0.000000] SMBIOS 2.5 present.
[    0.000000] Hypervisor detected: KVM
[    0.000000] Kernel/User page tables isolation: disabled
[    0.000000] e820: last_pfn = 0x120000 max_arch_pfn = 0x400000000
[    0.000000] MTRR: Disabled
[    0.000000] x86/PAT: MTRRs disabled, skipping PAT initialization too.
[    0.000000] CPU MTRRs all blank - virtualized system.
[    0.000000] x86/PAT: Configuration [0-7]: WB  WT  UC- UC  WB  WT  UC- UC  
[    0.000000] e820: last_pfn = 0xdfff0 max_arch_pfn = 0x400000000
[    0.000000] found SMP MP-table at [mem 0x0009fff0-0x0009ffff] mapped at [ffff88000009fff0]
[    0.000000] Scanning 1 areas for low memory corruption
[    0.000000] RAMDISK: [mem 0x362dc000-0x37165fff]
[    0.000000] ACPI: Early table checksum verification disabled
[    0.000000] ACPI: RSDP 0x00000000000E0000 000024 (v02 VBOX  )
[    0.000000] ACPI: XSDT 0x00000000DFFF0030 00003C (v01 VBOX   VBOXXSDT 00000001 ASL  00000061)
[    0.000000] ACPI: FACP 0x00000000DFFF00F0 0000F4 (v04 VBOX   VBOXFACP 00000001 ASL  00000061)
[    0.000000] ACPI: DSDT 0x00000000DFFF0480 002325 (v02 VBOX   VBOXBIOS 00000002 INTL 20100528)
[    0.000000] ACPI: FACS 0x00000000DFFF0200 000040
[    0.000000] ACPI: FACS 0x00000000DFFF0200 000040
[    0.000000] ACPI: APIC 0x00000000DFFF0240 00006C (v02 VBOX   VBOXAPIC 00000001 ASL  00000061)
[    0.000000] ACPI: SSDT 0x00000000DFFF02B0 0001CC (v01 VBOX   VBOXCPUT 00000002 INTL 20100528)
[    0.000000] No NUMA configuration found
[    0.000000] Faking a node at [mem 0x0000000000000000-0x000000011fffffff]
[    0.000000] NODE_DATA(0) allocated [mem 0x11fff7000-0x11fffbfff]
[    0.000000] kvm-clock: Using msrs 4b564d01 and 4b564d00
[    0.000000] kvm-clock: cpu 0, msr 1:1ffef001, primary cpu clock
[    0.000000] kvm-clock: using sched offset of 2996892179 cycles
[    0.000000] clocksource: kvm-clock: mask: 0xffffffffffffffff max_cycles: 0x1cd42e4dffb, max_idle_ns: 881590591483 ns
[    0.000000] Zone ranges:
[    0.000000]   DMA      [mem 0x0000000000001000-0x0000000000ffffff]
[    0.000000]   DMA32    [mem 0x0000000001000000-0x00000000ffffffff]
[    0.000000]   Normal   [mem 0x0000000100000000-0x000000011fffffff]
[    0.000000]   Device   empty
[    0.000000] Movable zone start for each node
[    0.000000] Early memory node ranges
[    0.000000]   node   0: [mem 0x0000000000001000-0x000000000009efff]
[    0.000000]   node   0: [mem 0x0000000000100000-0x00000000dffeffff]
[    0.000000]   node   0: [mem 0x0000000100000000-0x000000011fffffff]
[    0.000000] Initmem setup node 0 [mem 0x0000000000001000-0x000000011fffffff]
[    0.000000] ACPI: PM-Timer IO Port: 0x4008
[    0.000000] IOAPIC[0]: apic_id 4, version 32, address 0xfec00000, GSI 0-23
[    0.000000] ACPI: INT_SRC_OVR (bus 0 bus_irq 0 global_irq 2 dfl dfl)
[    0.000000] ACPI: INT_SRC_OVR (bus 0 bus_irq 9 global_irq 9 low level)
[    0.000000] Using ACPI (MADT) for SMP configuration information
[    0.000000] smpboot: Allowing 4 CPUs, 0 hotplug CPUs
[    0.000000] PM: Registered nosave memory: [mem 0x00000000-0x00000fff]
[    0.000000] PM: Registered nosave memory: [mem 0x0009f000-0x0009ffff]
[    0.000000] PM: Registered nosave memory: [mem 0x000a0000-0x000effff]
[    0.000000] PM: Registered nosave memory: [mem 0x000f0000-0x000fffff]
[    0.000000] PM: Registered nosave memory: [mem 0xdfff0000-0xdfffffff]
[    0.000000] PM: Registered nosave memory: [mem 0xe0000000-0xfebfffff]
[    0.000000] PM: Registered nosave memory: [mem 0xfec00000-0xfec00fff]
[    0.000000] PM: Registered nosave memory: [mem 0xfec01000-0xfedfffff]
[    0.000000] PM: Registered nosave memory: [mem 0xfee00000-0xfee00fff]
[    0.000000] PM: Registered nosave memory: [mem 0xfee01000-0xfffbffff]
[    0.000000] PM: Registered nosave memory: [mem 0xfffc0000-0xffffffff]
[    0.000000] e820: [mem 0xe0000000-0xfebfffff] available for PCI devices
[    0.000000] Booting paravirtualized kernel on KVM
[    0.000000] clocksource: refined-jiffies: mask: 0xffffffff max_cycles: 0xffffffff, max_idle_ns: 7645519600211568 ns
[    0.000000] setup_percpu: NR_CPUS:512 nr_cpumask_bits:512 nr_cpu_ids:4 nr_node_ids:1
[    0.000000] PERCPU: Embedded 33 pages/cpu @ffff88011fc00000 s95192 r8192 d31784 u524288
[    0.000000] Built 1 zonelists in Node order, mobility grouping on.  Total pages: 1032056
[    0.000000] Policy zone: Normal
[    0.000000] Kernel command line: BOOT_IMAGE=/boot/vmlinuz-4.4.0-210-generic root=LABEL=cloudimg-rootfs ro console=tty1 console=ttyS0
[    0.000000] PID hash table entries: 4096 (order: 3, 32768 bytes)
[    0.000000] Memory: 4028040K/4193848K available (8644K kernel code, 1332K rwdata, 4044K rodata, 1492K init, 1164K bss, 165808K reserved, 0K cma-reserved)
[    0.000000] SLUB: HWalign=64, Order=0-3, MinObjects=0, CPUs=4, Nodes=1
[    0.000000] Hierarchical RCU implementation.
[    0.000000] 	Build-time adjustment of leaf fanout to 64.
[    0.000000] 	RCU restricting CPUs from NR_CPUS=512 to nr_cpu_ids=4.
[    0.000000] RCU: Adjusting geometry for rcu_fanout_leaf=64, nr_cpu_ids=4
[    0.000000] NR_IRQS:33024 nr_irqs:456 16
[    0.000000] Console: colour VGA+ 80x25
[    0.000000] console [tty1] enabled
[    0.000000] console [ttyS0] enabled
[    0.000000] tsc: Detected 2803.200 MHz processor
[    0.176822] Calibrating delay loop (skipped) preset value.. 5606.40 BogoMIPS (lpj=11212800)
[    0.178142] pid_max: default: 32768 minimum: 301
[    0.178989] ACPI: Core revision 20150930
[    0.180142] ACPI: 2 ACPI AML tables successfully acquired and loaded
[    0.181081] Security Framework initialized
[    0.181662] Yama: becoming mindful.
[    0.182241] AppArmor: AppArmor initialized
[    0.184242] Dentry cache hash table entries: 524288 (order: 10, 4194304 bytes)
[    0.188305] Inode-cache hash table entries: 262144 (order: 9, 2097152 bytes)
[    0.189529] Mount-cache hash table entries: 8192 (order: 4, 65536 bytes)
[    0.190628] Mountpoint-cache hash table entries: 8192 (order: 4, 65536 bytes)
[    0.191639] Initializing cgroup subsys io
[    0.192221] Initializing cgroup subsys memory
[    0.192880] Initializing cgroup subsys devices
[    0.193535] Initializing cgroup subsys freezer
[    0.194300] Initializing cgroup subsys net_cls
[    0.194925] Initializing cgroup subsys perf_event
[    0.195570] Initializing cgroup subsys net_prio
[    0.196196] Initializing cgroup subsys hugetlb
[    0.196869] Initializing cgroup subsys pids
[    0.201916] mce: CPU supports 0 MCE banks
[    0.202537] Last level iTLB entries: 4KB 0, 2MB 0, 4MB 0
[    0.203317] Last level dTLB entries: 4KB 0, 2MB 0, 4MB 0, 1GB 0
[    0.204081] Spectre V1 : Mitigation: usercopy/swapgs barriers and __user pointer sanitization
[    0.205323] Spectre V2 : Mitigation: Full generic retpoline
[    0.206063] Spectre V2 : Spectre v2 / SpectreRSB mitigation: Filling RSB on context switch
[    0.207198] Speculative Store Bypass: Vulnerable
[    0.210019] Freeing SMP alternatives memory: 36K
[    0.215720] ftrace: allocating 32380 entries in 127 pages
[    0.265938] smpboot: APIC(0) Converting physical 0 to logical package 0
[    0.266837] smpboot: Max logical packages: 1
[    0.267651] x2apic enabled
[    0.268296] Switched APIC routing to physical x2apic.
[    0.269798] ..TIMER: vector=0x30 apic1=0 pin1=2 apic2=-1 pin2=-1
[    0.379062] smpboot: CPU0: 11th Gen Intel(R) Core(TM) i7-1165G7 @ 2.80GHz (family: 0x6, model: 0x8c, stepping: 0x1)
[    0.383918] Performance Events: unsupported p6 CPU model 140 no PMU driver, software events only.
[    0.393059] KVM setup paravirtual spinlock
[    0.395518] x86: Booting SMP configuration:
[    0.396108] .... node  #0, CPUs:      #1
[    0.396750] kvm-clock: cpu 1, msr 1:1ffef041, secondary cpu clock
[    0.401706] mce: CPU supports 0 MCE banks
[    0.404125]  #2
[    0.404512] kvm-clock: cpu 2, msr 1:1ffef081, secondary cpu clock
[    0.409462] mce: CPU supports 0 MCE banks
[    0.411862]  #3
[    0.412277] kvm-clock: cpu 3, msr 1:1ffef0c1, secondary cpu clock
[    0.417463] mce: CPU supports 0 MCE banks
[    0.419863] x86: Booted up 1 node, 4 CPUs
[    0.420575] smpboot: Total of 4 processors activated (22425.60 BogoMIPS)
[    0.421556] devtmpfs: initialized
[    0.422891] evm: security.selinux
[    0.423510] evm: security.SMACK64
[    0.423971] evm: security.SMACK64EXEC
[    0.424442] evm: security.SMACK64TRANSMUTE
[    0.425004] evm: security.SMACK64MMAP
[    0.425468] evm: security.ima
[    0.425877] evm: security.capability
[    0.426416] clocksource: jiffies: mask: 0xffffffff max_cycles: 0xffffffff, max_idle_ns: 7645041785100000 ns
[    0.427563] futex hash table entries: 1024 (order: 4, 65536 bytes)
[    0.428352] pinctrl core: initialized pinctrl subsystem
[    0.429079] RTC time: 19:03:33, date: 08/06/21
[    0.429923] NET: Registered protocol family 16
[    0.440593] cpuidle: using governor ladder
[    0.453375] cpuidle: using governor menu
[    0.454129] PCCT header not found.
[    0.454779] ACPI: bus type PCI registered
[    0.455730] acpiphp: ACPI Hot Plug PCI Controller Driver version: 0.5
[    0.458071] PCI: Using configuration type 1 for base access
[    0.477771] ACPI: Added _OSI(Module Device)
[    0.479580] ACPI: Added _OSI(Processor Device)
[    0.481231] ACPI: Added _OSI(3.0 _SCP Extensions)
[    0.482969] ACPI: Added _OSI(Processor Aggregator Device)
[    0.485283] ACPI: Executed 1 blocks of module-level executable AML code
[    0.490160] ACPI: Interpreter enabled
[    0.490838] ACPI: (supports S0 S5)
[    0.491587] ACPI: Using IOAPIC for interrupt routing
[    0.492605] PCI: Using host bridge windows from ACPI; if necessary, use "pci=nocrs" and report a bug
[    0.496441] ACPI: PCI Root Bridge [PCI0] (domain 0000 [bus 00-ff])
[    0.497305] acpi PNP0A03:00: _OSC: OS supports [ASPM ClockPM Segments MSI]
[    0.498511] acpi PNP0A03:00: _OSC: not requesting OS control; OS requires [ExtendedConfig ASPM ClockPM MSI]
[    0.499803] acpi PNP0A03:00: fail to add MMCONFIG information, can't access extended PCI configuration space under this bridge.
[    0.501520] PCI host bridge to bus 0000:00
[    0.502137] pci_bus 0000:00: root bus resource [io  0x0000-0x0cf7 window]
[    0.509656] pci_bus 0000:00: root bus resource [io  0x0d00-0xffff window]
[    0.510528] pci_bus 0000:00: root bus resource [mem 0x000a0000-0x000bffff window]
[    0.511609] pci_bus 0000:00: root bus resource [mem 0xe0000000-0xfdffffff window]
[    0.512791] pci_bus 0000:00: root bus resource [bus 00-ff]
[    0.514731] pci 0000:00:01.1: legacy IDE quirk: reg 0x10: [io  0x01f0-0x01f7]
[    0.515622] pci 0000:00:01.1: legacy IDE quirk: reg 0x14: [io  0x03f6]
[    0.516445] pci 0000:00:01.1: legacy IDE quirk: reg 0x18: [io  0x0170-0x0177]
[    0.517386] pci 0000:00:01.1: legacy IDE quirk: reg 0x1c: [io  0x0376]
[    0.546176] pci 0000:00:07.0: quirk: [io  0x4000-0x403f] claimed by PIIX4 ACPI
[    0.547252] pci 0000:00:07.0: quirk: [io  0x4100-0x410f] claimed by PIIX4 SMB
[    0.556410] ACPI: PCI Interrupt Link [LNKA] (IRQs 5 9 10 *11)
[    0.559222] ACPI: PCI Interrupt Link [LNKB] (IRQs 5 9 *10 11)
[    0.561780] ACPI: PCI Interrupt Link [LNKC] (IRQs 5 *9 10 11)
[    0.564183] ACPI: PCI Interrupt Link [LNKD] (IRQs 5 9 10 *11)
[    0.565784] ACPI: Enabled 2 GPEs in block 00 to 07
[    0.566605] vgaarb: setting as boot device: PCI:0000:00:02.0
[    0.567284] vgaarb: device added: PCI:0000:00:02.0,decodes=io+mem,owns=io+mem,locks=none
[    0.568426] vgaarb: loaded
[    0.568813] vgaarb: bridge control possible 0000:00:02.0
[    0.569678] SCSI subsystem initialized
[    0.570348] ACPI: bus type USB registered
[    0.570944] usbcore: registered new interface driver usbfs
[    0.571697] usbcore: registered new interface driver hub
[    0.572956] usbcore: registered new device driver usb
[    0.574031] PCI: Using ACPI for IRQ routing
[    0.575183] NetLabel: Initializing
[    0.575723] NetLabel:  domain hash size = 128
[    0.576789] NetLabel:  protocols = UNLABELED CIPSOv4
[    0.577994] NetLabel:  unlabeled traffic allowed by default
[    0.579369] amd_nb: Cannot enumerate AMD northbridges
[    0.581782] clocksource: Switched to clocksource kvm-clock
[    0.589100] AppArmor: AppArmor Filesystem Enabled
[    0.589827] pnp: PnP ACPI init
[    0.590852] pnp: PnP ACPI: found 3 devices
[    0.598529] clocksource: acpi_pm: mask: 0xffffff max_cycles: 0xffffff, max_idle_ns: 2085701024 ns
[    0.600050] NET: Registered protocol family 2
[    0.600789] TCP established hash table entries: 32768 (order: 6, 262144 bytes)
[    0.601887] TCP bind hash table entries: 32768 (order: 7, 524288 bytes)
[    0.604116] TCP: Hash tables configured (established 32768 bind 32768)
[    0.604994] UDP hash table entries: 2048 (order: 4, 65536 bytes)
[    0.605783] UDP-Lite hash table entries: 2048 (order: 4, 65536 bytes)
[    0.606654] NET: Registered protocol family 1
[    0.607281] pci 0000:00:00.0: Limiting direct PCI/PCI transfers
[    0.608044] pci 0000:00:01.0: Activating ISA DMA hang workarounds
[    0.608925] Unpacking initramfs...
[    0.782911] Freeing initrd memory: 14888K
[    0.785497] PCI-DMA: Using software bounce buffering for IO (SWIOTLB)
[    0.787128] software IO TLB: mapped [mem 0xdbff0000-0xdfff0000] (64MB)
[    0.787927] clocksource: tsc: mask: 0xffffffffffffffff max_cycles: 0x28680fa287f, max_idle_ns: 440795281151 ns
[    0.789114] platform rtc_cmos: registered platform RTC device (no PNP device found)
[    0.790165] Scanning for low memory corruption every 60 seconds
[    0.791213] audit: initializing netlink subsys (disabled)
[    0.791854] audit: type=2000 audit(1628276617.920:1): initialized
[    0.792819] Initialise system trusted keyring
[    0.793857] HugeTLB registered 2 MB page size, pre-allocated 0 pages
[    0.795326] zbud: loaded
[    0.796173] VFS: Disk quotas dquot_6.6.0
[    0.796689] VFS: Dquot-cache hash table entries: 512 (order 0, 4096 bytes)
[    0.797594] squashfs: version 4.0 (2009/01/31) Phillip Lougher
[    0.798653] fuse init (API version 7.23)
[    0.799374] Key type big_key registered
[    0.799882] Allocating IMA MOK and blacklist keyrings.
[    0.804583] Key type asymmetric registered
[    0.805165] Asymmetric key parser 'x509' registered
[    0.805759] Block layer SCSI generic (bsg) driver version 0.4 loaded (major 249)
[    0.806896] io scheduler noop registered
[    0.807398] io scheduler deadline registered (default)
[    0.808079] io scheduler cfq registered
[    0.808636] pci_hotplug: PCI Hot Plug PCI Core version: 0.5
[    0.809299] pciehp: PCI Express Hot Plug Controller Driver version: 0.4
[    0.810154] ACPI: AC Adapter [AC] (on-line)
[    0.810728] input: Power Button as /devices/LNXSYSTM:00/LNXPWRBN:00/input/input0
[    0.811641] ACPI: Power Button [PWRF]
[    0.812148] input: Sleep Button as /devices/LNXSYSTM:00/LNXSLPBN:00/input/input1
[    0.813119] ACPI: Sleep Button [SLPF]
[    0.813998] GHES: HEST is not enabled!
[    0.814442] ACPI: Battery Slot [BAT0] (battery present)
[    0.815456] Serial: 8250/16550 driver, 32 ports, IRQ sharing enabled
[    0.836879] 00:02: ttyS0 at I/O 0x3f8 (irq = 4, base_baud = 115200) is a 16550A
[    0.844417] Linux agpgart interface v0.103
[    0.848442] loop: module loaded
[    0.849521] scsi host0: ata_piix
[    0.850440] scsi host1: ata_piix
[    0.850985] ata1: PATA max UDMA/33 cmd 0x1f0 ctl 0x3f6 bmdma 0xd000 irq 14
[    0.851839] ata2: PATA max UDMA/33 cmd 0x170 ctl 0x376 bmdma 0xd008 irq 15
[    0.852794] libphy: Fixed MDIO Bus: probed
[    0.853489] tun: Universal TUN/TAP device driver, 1.6
[    0.854226] tun: (C) 1999-2004 Max Krasnyansky <maxk@qualcomm.com>
[    0.855519] PPP generic driver version 2.4.2
[    0.856289] ehci_hcd: USB 2.0 'Enhanced' Host Controller (EHCI) Driver
[    0.857034] ehci-pci: EHCI PCI platform driver
[    0.857595] ehci-platform: EHCI generic platform driver
[    0.858369] ohci_hcd: USB 1.1 'Open' Host Controller (OHCI) Driver
[    0.859868] ohci-pci: OHCI PCI platform driver
[    0.860586] ohci-platform: OHCI generic platform driver
[    0.861733] uhci_hcd: USB Universal Host Controller Interface driver
[    0.863124] i8042: PNP: PS/2 Controller [PNP0303:PS2K,PNP0f03:PS2M] at 0x60,0x64 irq 1,12
[    0.865196] serio: i8042 KBD port at 0x60,0x64 irq 1
[    0.865985] serio: i8042 AUX port at 0x60,0x64 irq 12
[    0.867080] mousedev: PS/2 mouse device common for all mice
[    0.868282] rtc_cmos rtc_cmos: rtc core: registered rtc_cmos as rtc0
[    0.869152] rtc_cmos rtc_cmos: alarms up to one day, 114 bytes nvram
[    0.869932] i2c /dev entries driver
[    0.870556] input: AT Translated Set 2 keyboard as /devices/platform/i8042/serio0/input/input2
[    0.871626] device-mapper: uevent: version 1.0.3
[    0.872293] device-mapper: ioctl: 4.34.0-ioctl (2015-10-28) initialised: dm-devel@redhat.com
[    0.873497] ledtrig-cpu: registered to indicate activity on CPUs
[    0.874470] NET: Registered protocol family 10
[    0.875200] NET: Registered protocol family 17
[    0.875776] Key type dns_resolver registered
[    0.876612] registered taskstats version 1
[    0.877131] Loading compiled-in X.509 certificates
[    0.878098] Loaded X.509 cert 'Build time autogenerated kernel key: cf00e047681d67edb2720680708b7d9498083038'
[    0.879381] zswap: loaded using pool lzo/zbud
[    0.881631] Key type trusted registered
[    0.885637] Key type encrypted registered
[    0.886254] AppArmor: AppArmor sha1 policy hashing enabled
[    0.886992] ima: No TPM chip found, activating TPM-bypass!
[    0.887671] ima: Allocated hash algorithm: sha1
[    0.888220] evm: HMAC attrs: 0x1
[    0.889052]   Magic number: 1:990:90
[    0.889714] rtc_cmos rtc_cmos: setting system clock to 2021-08-06 19:03:33 UTC (1628276613)
[    0.891195] BIOS EDD facility v0.16 2004-Jun-25, 0 devices found
[    0.892936] EDD information not available.
[    1.036009] Freeing unused kernel memory: 1492K
[    1.037732] Write protecting the kernel read-only data: 14336k
[    1.040512] Freeing unused kernel memory: 1584K
[    1.042890] Freeing unused kernel memory: 52K
Loading, please wait...
starting version 229
[    1.056413] random: systemd-udevd: uninitialized urandom read (16 bytes read, 3 bits of entropy available)
[    1.056716] random: udevadm: uninitialized urandom read (16 bytes read, 3 bits of entropy available)
[    1.056732] random: udevadm: uninitialized urandom read (16 bytes read, 3 bits of entropy available)
[    1.061353] random: systemd-udevd: uninitialized urandom read (16 bytes read, 3 bits of entropy available)
[    1.062846] random: udevadm: uninitialized urandom read (16 bytes read, 3 bits of entropy available)
[    1.062882] random: udevadm: uninitialized urandom read (16 bytes read, 3 bits of entropy available)
[    1.063080] random: udevadm: uninitialized urandom read (16 bytes read, 3 bits of entropy available)
[    1.063137] random: udevadm: uninitialized urandom read (16 bytes read, 3 bits of entropy available)
[    1.063179] random: udevadm: uninitialized urandom read (16 bytes read, 3 bits of entropy available)
[    1.063222] random: udevadm: uninitialized urandom read (16 bytes read, 3 bits of entropy available)
[    1.088690] e1000: Intel(R) PRO/1000 Network Driver - version 7.3.21-k8-NAPI
[    1.089661] e1000: Copyright (c) 1999-2006 Intel Corporation.
[    1.097871] Fusion MPT base driver 3.04.20
[    1.098685] Copyright (c) 1999-2008 LSI Corporation
[    1.103414] AVX2 version of gcm_enc/dec engaged.
[    1.104088] AES CTR mode by8 optimization enabled
[    1.106816] Fusion MPT SPI Host driver 3.04.20
[    1.318632] input: ImExPS/2 Generic Explorer Mouse as /devices/platform/i8042/serio1/input/input4
[    2.018110] e1000 0000:00:03.0 eth0: (PCI:33MHz:32-bit) 02:a0:46:b5:71:eb
[    2.020108] e1000 0000:00:03.0 eth0: Intel(R) PRO/1000 Network Connection
[    2.022698] e1000 0000:00:03.0 enp0s3: renamed from eth0
[    2.022713] mptbase: ioc0: Initiating bringup
[    2.995618] ioc0: LSI53C1030 A0: Capabilities={Initiator}
[    4.501295] scsi host2: ioc0: LSI53C1030 A0, FwRev=00000000h, Ports=1, MaxQ=256, IRQ=20
[    6.023699] scsi 2:0:0:0: Direct-Access     VBOX     HARDDISK         1.0  PQ: 0 ANSI: 5
[    6.027914] scsi target2:0:0: Beginning Domain Validation
[    6.031782] scsi target2:0:0: Domain Validation skipping write tests
[    6.032678] scsi target2:0:0: Ending Domain Validation
[    6.033565] scsi target2:0:0: asynchronous
[    6.034872] scsi 2:0:1:0: Direct-Access     VBOX     HARDDISK         1.0  PQ: 0 ANSI: 5
[    6.035979] scsi target2:0:1: Beginning Domain Validation
[    6.037782] scsi target2:0:1: Domain Validation skipping write tests
[    6.038612] scsi target2:0:1: Ending Domain Validation
[    6.039416] scsi target2:0:1: asynchronous
[    6.043766] sd 2:0:0:0: Attached scsi generic sg0 type 0
[    6.044616] sd 2:0:0:0: [sda] 83886080 512-byte logical blocks: (42.9 GB/40.0 GiB)
[    6.044687] sd 2:0:1:0: [sdb] 20480 512-byte logical blocks: (10.5 MB/10.0 MiB)
[    6.044800] sd 2:0:1:0: [sdb] Write Protect is off
[    6.044878] sd 2:0:1:0: [sdb] Incomplete mode parameter data
[    6.044879] sd 2:0:1:0: [sdb] Assuming drive cache: write through
[    6.046974] sd 2:0:1:0: Attached scsi generic sg1 type 0
[    6.049550] sd 2:0:1:0: [sdb] Attached SCSI disk
[    6.050752] sd 2:0:0:0: [sda] Write Protect is off
[    6.051521] sd 2:0:0:0: [sda] Incomplete mode parameter data
[    6.052277] sd 2:0:0:0: [sda] Assuming drive cache: write through
[    6.053882]  sda: sda1
[    6.054655] sd 2:0:0:0: [sda] Attached SCSI disk
Begin: Loading essential drivers ... [    7.328600] md: linear personality registered for level -1
[    7.331150] md: multipath personality registered for level -4
[    7.333658] md: raid0 personality registered for level 0
[    7.337197] md: raid1 personality registered for level 1
[    7.405959] raid6: sse2x1   gen() 16486 MB/s
[    7.473930] raid6: sse2x1   xor()  9720 MB/s
[    7.541845] raid6: sse2x2   gen() 20536 MB/s
[    7.609961] raid6: sse2x2   xor() 13383 MB/s
[    7.677945] raid6: sse2x4   gen() 17232 MB/s
[    7.745923] raid6: sse2x4   xor() 16243 MB/s
[    7.813898] raid6: avx2x1   gen() 26510 MB/s
[    7.881960] raid6: avx2x2   gen() 40160 MB/s
[    7.949925] raid6: avx2x4   gen() 31805 MB/s
[    7.950910] raid6: using algorithm avx2x2 gen() 40160 MB/s
[    7.951976] raid6: using avx2x2 recovery algorithm
[    7.954061] xor: automatically using best checksumming function:
[    7.994051]    avx       : 29026.000 MB/sec
[    7.998384] async_tx: api initialized (async)
[    8.009070] md: raid6 personality registered for level 6
[    8.009984] md: raid5 personality registered for level 5
[    8.010713] md: raid4 personality registered for level 4
[    8.019271] md: raid10 personality registered for level 10
done.
Begin: Running /scripts/init-premount ... done.
Begin: Mounting root file system ... Begin: Running /scripts/local-top ... done.
Begin: Running /scripts/local-premount ... [    8.039214] Btrfs loaded
Scanning for Btrfs filesystems
done.
Warning: fsck not present, so skipping root file system
[    8.059938] EXT4-fs (sda1): mounted filesystem with ordered data mode. Opts: (null)
done.
Begin: Running /scripts/local-bottom ... done.
Begin: Running /scripts/init-bottom ... done.
[    8.122355] systemd[1]: systemd 229 running in system mode. (+PAM +AUDIT +SELINUX +IMA +APPARMOR +SMACK +SYSVINIT +UTMP +LIBCRYPTSETUP +GCRYPT +GNUTLS +ACL +XZ -LZ4 +SECCOMP +BLKID +ELFUTILS +KMOD -IDN)
[    8.124626] systemd[1]: Detected virtualization oracle.
[    8.125339] systemd[1]: Detected architecture x86-64.

Welcome to [1mUbuntu 16.04.7 LTS[0m!

[    8.127732] systemd[1]: Set hostname to <fred-docker>.
[    8.509253] systemd[1]: Listening on LVM2 poll daemon socket.
[[0;32m  OK  [0m] Listening on LVM2 poll daemon socket.
[    8.510696] systemd[1]: Set up automount Arbitrary Executable File Formats File System Automount Point.
[[0;32m  OK  [0m] Set up automount Arbitrary Executab...ats File System Automount Point.
[    8.512844] systemd[1]: Created slice System Slice.
[[0;32m  OK  [0m] Created slice System Slice.
[    8.514332] systemd[1]: Reached target Encrypted Volumes.
[[0;32m  OK  [0m] Reached target Encrypted Volumes.
[    8.515612] systemd[1]: Listening on udev Kernel Socket.
[[0;32m  OK  [0m] Listening on udev Kernel Socket.
[    8.516807] systemd[1]: Listening on LVM2 metadata daemon socket.
[[0;32m  OK  [0m] Listening on LVM2 metadata daemon socket.
[    8.518269] systemd[1]: Created slice User and Session Slice.
[[0;32m  OK  [0m] Created slice User and Session Slice.
[    8.519515] systemd[1]: Reached target Slices.
[[0;32m  OK  [0m] Reached target Slices.
[    8.520534] systemd[1]: Reached target Swap.
[[0;32m  OK  [0m] Reached target Swap.
[    8.521537] systemd[1]: Listening on /dev/initctl Compatibility Named Pipe.
[[0;32m  OK  [0m] Listening on /dev/initctl Compatibility Named Pipe.
[    8.523083] systemd[1]: Listening on Journal Socket.
[[0;32m  OK  [0m] Listening on Journal Socket.
[    8.787788] systemd[1]: Starting Load Kernel Modules...
         Starting Load Kernel Modules...
[    8.793127] systemd[1]: Mounting Huge Pages File System...
         Mounting Huge Pages File System...
[    8.796847] systemd[1]: Listening on fsck to fsckd communication Socket.
[[0;32m  OK  [0m] Listening on fsck to fsckd communication Socket.
[    8.799402] systemd[1]: Starting File System Check on Root Device...
[    8.800424] Loading iSCSI transport class v2.0-870.
         Starting File System Check on Root Device...
[    8.801659] systemd[1]: Starting Uncomplicated firewall...
         Starting Uncomplicated firewall...
[    8.803132] systemd[1]: Started Trigger resolvconf update for networkd DNS.
[[0;32m  OK  [0m] Started Trigger resolvconf update for networkd DNS.
[    8.805413] systemd[1]: Starting Nameserver information manager...
         Starting Nameserver information manager...
[    8.808955] systemd[1]: Reached target System Time Synchronized.
[[0;32m  OK  [0m] Reached target System Time Synchronized.
[    8.810635] iscsi: registered transport (tcp)
[    8.810682] systemd[1]: Listening on Journal Socket (/dev/log).
[[0;32m  OK  [0m] Listening on Journal Socket (/dev/log).
[    8.813064] systemd[1]: Created slice system-serial\x2dgetty.slice.
[[0;32m  OK  [0m] Created slice system-serial\x2dgetty.slice.
[    8.815402] systemd[1]: Mounting Debug File System...
         Mounting Debug File System...
[    8.817264] systemd[1]: Starting Create list of required static device nodes for the current kernel...
         Starting Create list of required st... nodes for the current kernel...
[    8.819870] systemd[1]: Listening on udev Control Socket.
[[0;32m  OK  [0m] Listening on udev Control Socket.
[    8.821239] systemd[1]: Listening on Device-mapper event daemon FIFOs.
[[0;32m  OK  [0m] Listening on Device-mapper event daemon FIFOs.
[    8.823519] systemd[1]: Starting Monitoring of LVM2 mirrors, snapshots etc. using dmeventd or progress polling...
         Starting Monitoring of LVM2 mirrors... dmeventd or progress polling...
[    8.826740] systemd[1]: Reached target User and Group Name Lookups.
[[0;32m  OK  [0m] Reached target User and Group Name Lookups.
[    8.828348] systemd[1]: Listening on Syslog Socket.
[[0;32m  OK  [0m] Listening on Syslog Socket.
[    8.830082] systemd[1]: Started Forward Password Requests to Wall Directory Watch.
[[0;32m  OK  [0m] Started Forward Password Requests to Wall Directory Watch.
[    8.832788] systemd[1]: Starting Set console keymap...
         Starting Set console keymap...
[    8.834700] systemd[1]: Mounting POSIX Message Queue File System...
         Mounting POSIX Message Queue File System...
[    8.837128] systemd[1]: Listening on Journal Audit Socket.
[[0;32m  OK  [0m] Listening on Journal Audit Socket.
[    8.839032] systemd[1]: Starting Journal Service...
         Starting Journal Service...
[    8.841421] systemd[1]: Mounted POSIX Message Queue File System.
[[0;32m  OK  [0m] Mounted POSIX Message Queue File System.
[    8.843125] systemd[1]: Mounted Huge Pages File System.
[    8.843224] iscsi: registered transport (iser)
[[0;32m  OK  [0m] Mounted Huge Pages File System.
[    8.845292] systemd[1]: Mounted Debug File System.
[[0;32m  OK  [0m] Mounted Debug File System.
[    8.846797] systemd[1]: Started Load Kernel Modules.
[[0;32m  OK  [0m] Started Load Kernel Modules.
[    8.848459] systemd[1]: Started File System Check on Root Device.
[[0;32m  OK  [0m] Started File System Check on Root Device.
[    8.850110] systemd[1]: Started Uncomplicated firewall.
[[0;32m  OK  [0m] Started Uncomplicated firewall.
[    8.852306] systemd[1]: Started Create list of required static device nodes for the current kernel.
[[0;32m  OK  [0m] Started Create list of required sta...ce nodes for the current kernel.
[    8.854794] systemd[1]: Started Set console keymap.
[[0;32m  OK  [0m] Started Set console keymap.
[    8.857657] systemd[1]: Started Nameserver information manager.
[[0;32m  OK  [0m] Started Nameserver information manager.
[    8.860726] systemd[1]: Started File System Check Daemon to report status.
[[0;32m  OK  [0m] Started File System Check Daemon to report status.
[    8.863490] systemd[1]: Started LVM2 metadata daemon.
[[0;32m  OK  [0m] Started LVM2 metadata daemon.
[    8.866533] systemd[1]: Starting Create Static Device Nodes in /dev...
         Starting Create Static Device Nodes in /dev...
[    8.868295] systemd[1]: Starting Remount Root and Kernel File Systems...
         Starting Remount Root and Kernel File Systems...
[    8.870437] systemd[1]: Starting Apply Kernel Variables...
[    8.871162] EXT4-fs (sda1): re-mounted. Opts: (null)
         Starting Apply Kernel Variables...
[    8.874750] systemd[1]: Mounting FUSE Control File System...
         Mounting FUSE Control File System...
[    8.876661] systemd[1]: Mounted FUSE Control File System.
[[0;32m  OK  [0m] Mounted FUSE Control File System.
[    8.878293] systemd[1]: Started Journal Service.
[[0;32m  OK  [0m] Started Journal Service.
[[0;32m  OK  [0m] Started Remount Root and Kernel File Systems.
[[0;32m  OK  [0m] Started Apply Kernel Variables.
         Starting Load/Save Random Seed...
         Starting udev Coldplug all Devices...
         Starting Flush Journal to Persistent Storage...
[[0;32m  OK  [0m] Started Create Static Device Nodes in /dev.
[[0;32m  OK  [0m] Started Load/Save Random Seed.
         Starting udev Kernel Device Manager...
[[0;32m  OK  [0m] Started Flush Journal to Persistent Storage.
[[0;32m  OK  [0m] Started udev Kernel Device Manager.
[[0;32m  OK  [0m] Started udev Coldplug all Devices.
[[0;32m  OK  [0m] Started Dispatch Password Requests to Console Directory Watch.
[[0;32m  OK  [0m] Found device /dev/ttyS0.
[[0;32m  OK  [0m] Listening on Load/Save RF Kill Switch Status /dev/rfkill Watch.
[[0;32m  OK  [0m] Found device 82540EM Gigabit Ethern...r (PRO/1000 MT Desktop Adapter).
[[0;32m  OK  [0m] Started Monitoring of LVM2 mirrors,...ng dmeventd or progress polling.
[[0;32m  OK  [0m] Reached target Local File Systems (Pre).
[[0;32m  OK  [0m] Reached target Local File Systems.
         Starting Tell Plymouth To Write Out Runtime Data...
         Starting Set console font and keymap...
         Starting Create Volatile Files and Directories...
         Starting LSB: AppArmor initialization...
         Starting Initial cloud-init job (pre-networking)...
[[0;32m  OK  [0m] Started Tell Plymouth To Write Out Runtime Data.
[[0;32m  OK  [0m] Started Create Volatile Files and Directories.
         Starting Update UTMP about System Boot/Shutdown...
[[0;32m  OK  [0m] Started Update UTMP about System Boot/Shutdown.
[[0;32m  OK  [0m] Started LSB: AppArmor initialization.
         Starting Load AppArmor profiles managed internally by snapd...
[[0;32m  OK  [0m] Started Load AppArmor profiles managed internally by snapd.
[[0;32m  OK  [0m] Started Set console font and keymap.
[[0;32m  OK  [0m] Created slice system-getty.slice.
[    9.792805] cloud-init[659]: Cloud-init v. 21.1-19-gbad84ad4-0ubuntu1~16.04.2 running 'init-local' at Fri, 06 Aug 2021 19:03:42 +0000. Up 9.63 seconds.
[[0;32m  OK  [0m] Started Initial cloud-init job (pre-networking).
[[0;32m  OK  [0m] Reached target Network (Pre).
         Starting Raise network interfaces...
[[0;32m  OK  [0m] Started ifup for enp0s3.
[[0;32m  OK  [0m] Started Raise network interfaces.
         Starting Initial cloud-init job (metadata service crawler)...
[[0;32m  OK  [0m] Reached target Network.
[   10.368147] cloud-init[1000]: Cloud-init v. 21.1-19-gbad84ad4-0ubuntu1~16.04.2 running 'init' at Fri, 06 Aug 2021 19:03:43 +0000. Up 10.20 seconds.
[   10.369433] cloud-init[1000]: ci-info: ++++++++++++++++++++++++++++++++++++++Net device info++++++++++++++++++++++++++++++++++++++
[   10.370531] cloud-init[1000]: ci-info: +--------+------+----------------------------+---------------+--------+-------------------+
[   10.371733] cloud-init[1000]: ci-info: | Device |  Up  |          Address           |      Mask     | Scope  |     Hw-Address    |
[   10.372873] cloud-init[1000]: ci-info: +--------+------+----------------------------+---------------+--------+-------------------+
[   10.373960] cloud-init[1000]: ci-info: | enp0s3 | True |         10.0.2.15          | 255.255.255.0 | global | 02:a0:46:b5:71:eb |
[   10.375040] cloud-init[1000]: ci-info: | enp0s3 | True | fe80::a0:46ff:feb5:71eb/64 |       .       |  link  | 02:a0:46:b5:71:eb |
[   10.376195] cloud-init[1000]: ci-info: |   lo   | True |         127.0.0.1          |   255.0.0.0   |  host  |         .         |
[   10.384798] cloud-init[1000]: ci-info: |   lo   | True |          ::1/128           |       .       |  host  |         .         |
[   10.387734] cloud-init[1000]: ci-info: +--------+------+----------------------------+---------------+--------+-------------------+[[0;32m  OK  [0m] Started Initial cloud-init job (metadata service crawler).
[[0;32m  OK  [0m] Reached target Network is Online.

[   10.391292] cloud-init[1000]: ci-info: +++++++++++++++++++++++++++Route IPv4 info++++++++++++++++++++++++++++
[   10.392216] cloud-init[1000]: ci-info: +-------+-------------+----------+---------------+-----------+-------+
[   10.393072] cloud-init[1000]: ci-info: | Route | Destination | Gateway  |    Genmask    | Interface | Flags |
[   10.393958] cloud-init[1000]: ci-info: +-------+-------------+----------+---------------+-----------+-------+
[   10.394889] cloud-init[1000]: ci-info: |   0   |   0.0.0.0   | 10.0.2.2 |    0.0.0.0    |   enp0s3  |   UG  |
[   10.395858] cloud-init[1000]: ci-info: |   1   |   10.0.2.0  | 0.0.0.0  | 255.255.255.0 |   enp0s3  |   U   |
[   10.396854] cloud-init[1000]: ci-info: +-------+-------------+----------+---------------+-----------+-------+
[   10.397852] cloud-init[1000]: ci-info: +++++++++++++++++++Route IPv6 info+++++++++++++++++++
[   10.398651] cloud-init[1000]: ci-info: +-------+-------------+---------+-----------+-------+
[   10.399434] cloud-init[1000]: ci-info: | Route | Destination | Gateway | Interface | Flags |
[   10.400294] cloud-init[1000]: ci-info: +-------+-------------+---------+-----------+-------+
[   10.401069] cloud-init[1000]: ci-info: |   0   |  fe80::/64  |    ::   |   enp0s3  |   U   |
[   10.401818] cloud-init[1000]: ci-info: |   3   |   ff00::/8  |    ::   |   enp0s3  |   U   |
[   10.402589] cloud-init[1000]: ci-info: +-------+-------------+---------+-----------+-------+
         Starting iSCSI initiator daemon (iscsid)...
[[0;32m  OK  [0m] Reached target Cloud-config availability.
[[0;32m  OK  [0m] Reached target System Initialization.
[[0;32m  OK  [0m] Listening on D-Bus System Message Bus Socket.
[[0;32m  OK  [0m] Started Daily apt download activities.
[[0;32m  OK  [0m] Started Daily Cleanup of Temporary Directories.
[[0;32m  OK  [0m] Started ACPI Events Check.
[[0;32m  OK  [0m] Reached target Paths.
[[0;32m  OK  [0m] Started Message of the Day.
[[0;32m  OK  [0m] Started Ubuntu Advantage update messaging.
[[0;32m  OK  [0m] Listening on UUID daemon activation socket.
         Starting Docker Socket for the API.
[[0;32m  OK  [0m] Started Daily apt upgrade and clean activities.
[[0;32m  OK  [0m] Reached target Timers.
         Starting LXD - unix socket.
[[0;32m  OK  [0m] Listening on ACPID Listen Socket.
         Starting Socket activation for snappy daemon.
[[0;32m  OK  [0m] Listening on Docker Socket for the API.
[[0;32m  OK  [0m] Listening on LXD - unix socket.
[[0;32m  OK  [0m] Listening on Socket activation for snappy daemon.
[[0;32m  OK  [0m] Started iSCSI initiator daemon (iscsid).
         Starting Login to default iSCSI targets...
[[0;32m  OK  [0m] Reached target Sockets.
[[0;32m  OK  [0m] Reached target Basic System.
         Starting containerd container runtime...
         Starting LXD - container startup/shutdown...
         Starting Snap Daemon...
         Starting System Logging Service...
         Starting Login Service...
         Starting Accounts Service...
[[0;32m  OK  [0m] Started D-Bus System Message Bus.
         Starting Virtualbox guest utils...
[[0;32m  OK  [0m] Started Regular background program processing daemon.
         Starting LSB: MD monitoring daemon...
         Starting LSB: Record successful boot for GRUB...
[[0;32m  OK  [0m] Started Deferred execution scheduler.
         Starting /etc/rc.local Compatibility...
[[0;32m  OK  [0m] Started FUSE filesystem for LXC.
         Starting OpenBSD Secure Shell server...
[[0;32m  OK  [0m] Started ACPI event daemon.
[[0;32m  OK  [0m] Started System Logging Service.
[[0;32m  OK  [0m] Started /etc/rc.local Compatibility.
[[0;32m  OK  [0m] Started Login Service.
[[0;32m  OK  [0m] Started Unattended Upgrades Shutdown.
         Starting Authenticate and Authorize Users to Run Privileged Tasks...
[[0;32m  OK  [0m] Started Login to default iSCSI targets.
[[0;32m  OK  [0m] Started LSB: Record successful boot for GRUB.
[[0;32m  OK  [0m] Reached target Remote File Systems (Pre).
         Mounting /vagrant...
[[0;32m  OK  [0m] Started LSB: MD monitoring daemon.
[[0;1;31mFAILED[0m] Failed to mount /vagrant.
See 'systemctl status vagrant.mount' for details.
[[0;1;33mDEPEND[0m] Dependency failed for Remote File Systems.
         Starting Permit User Sessions...
         Starting LSB: Set the CPU Frequency Scaling governor to "ondemand"...
         Starting LSB: daemon to balance interrupts for SMP systems...
         Starting LSB: automatic crash report generation...
[[0;32m  OK  [0m] Started OpenBSD Secure Shell server.
[[0;32m  OK  [0m] Started Permit User Sessions.
[[0;32m  OK  [0m] Started Authenticate and Authorize Users to Run Privileged Tasks.
[[0;32m  OK  [0m] Started LXD - container startup/shutdown.
[[0;32m  OK  [0m] Started Accounts Service.
         Starting Terminate Plymouth Boot Screen...
         Starting Hold until boot process finishes up...
[[0;32m  OK  [0m] Started Virtualbox guest utils.
[[0;32m  OK  [0m] Started LSB: Set the CPU Frequency Scaling governor to "ondemand".
[[0;32m  OK  [0m] Started LSB: automatic crash report generation.
[[0;32m  OK  [0m] Started Hold until boot process finishes up.
[[0;32m  OK  [0m] Started Terminate Plymouth Boot Screen.
[[0;32m  OK  [0m] Started Serial Getty on ttyS0.
         Starting Set console scheme...
[[0;32m  OK  [0m] Started Getty on tty1.
[[0;32m  OK  [0m] Reached target Login Prompts.
[[0;32m  OK  [0m] Started LSB: daemon to balance interrupts for SMP systems.
[[0;32m  OK  [0m] Started Set console scheme.
[[0;32m  OK  [0m] Started Snap Daemon.
         Starting Wait until snapd is fully seeded...
[[0;32m  OK  [0m] Started Wait until snapd is fully seeded.
         Starting Apply the settings specified in cloud-config...
[[0;32m  OK  [0m] Started containerd container runtime.
         Starting Docker Application Container Engine...
[   11.108249] cloud-init[1269]: Cloud-init v. 21.1-19-gbad84ad4-0ubuntu1~16.04.2 running 'modules:config' at Fri, 06 Aug 2021 19:03:43 +0000. Up 11.03 seconds.
[[0;32m  OK  [0m] Started Apply the settings specified in cloud-config.
[[0;32m  OK  [0m] Started Docker Application Container Engine.
[[0;32m  OK  [0m] Reached target Multi-User System.
[[0;32m  OK  [0m] Reached target Graphical Interface.
         Starting Update UTMP about System Runlevel Changes...
         Starting Execute cloud user/final scripts...
[[0;32m  OK  [0m] Started Update UTMP about System Runlevel Changes.
[   11.723630] cloud-init[1566]: Cloud-init v. 21.1-19-gbad84ad4-0ubuntu1~16.04.2 running 'modules:final' at Fri, 06 Aug 2021 19:03:44 +0000. Up 11.66 seconds.
[   11.724952] cloud-init[1566]: Cloud-init v. 21.1-19-gbad84ad4-0ubuntu1~16.04.2 finished at Fri, 06 Aug 2021 19:03:44 +0000. Datasource DataSourceNoCloud [seed=/dev/sdb][dsmode=net].  Up 11.72 seconds
[[0;32m  OK  [0m] Started Execute cloud user/final scripts.
[[0;32m  OK  [0m] Reached target Cloud-init target.

Ubuntu 16.04.7 LTS fred-docker ttyS0

fred-docker login: 